// Jest Snapshot v1, https://goo.gl/fbAQLP

exports[`работа кнопок Filter 1`] = `
<div>
  <input
    onClick={[Function]}
    type="button"
    value="Все"
  />
  <input
    onClick={[Function]}
    type="button"
    value="Активные"
  />
  <input
    onClick={[Function]}
    type="button"
    value="Заблокированные"
  />
  <hr />
  <table
    className="ProductsGrid"
  >
    <tbody>
      <tr>
        <th
          className="Header"
        >
          Фамилия
        </th>
        <th
          className="Header"
        >
          Имя
        </th>
        <th
          className="Header"
        >
          Отчество
        </th>
        <th
          className="Header"
        >
          Баланс
        </th>
        <th
          className="Header"
        >
          Статус
        </th>
        <th
          className="Header"
        >
          Редактировать
        </th>
        <th
          className="Header"
        >
          Удалить
        </th>
      </tr>
      <tr
        className="ProductRow"
      >
        <td
          className="InfoGoods"
        >
          Иванов
        </td>
        <td
          className="InfoGoods"
        >
          Иван
        </td>
        <td
          className="InfoGoods"
        >
          Иванович
        </td>
        <td
          className="InfoGoods"
        >
          200
        </td>
        <td
          className="active InfoGoods"
        >
          active
        </td>
        <td
          className="InfoGoods"
        >
          <input
            className="EditButton"
            disabled={undefined}
            onClick={[Function]}
            type="button"
            value="Редактировать"
          />
        </td>
        <td
          className="InfoGoods"
        >
          <input
            className="DelButton"
            disabled={undefined}
            onClick={[Function]}
            type="button"
            value="Удалить"
          />
        </td>
      </tr>
      <tr
        className="ProductRow"
      >
        <td
          className="InfoGoods"
        >
          Сидоров
        </td>
        <td
          className="InfoGoods"
        >
          Сидор
        </td>
        <td
          className="InfoGoods"
        >
          Сидорович
        </td>
        <td
          className="InfoGoods"
        >
          250
        </td>
        <td
          className="active InfoGoods"
        >
          active
        </td>
        <td
          className="InfoGoods"
        >
          <input
            className="EditButton"
            disabled={undefined}
            onClick={[Function]}
            type="button"
            value="Редактировать"
          />
        </td>
        <td
          className="InfoGoods"
        >
          <input
            className="DelButton"
            disabled={undefined}
            onClick={[Function]}
            type="button"
            value="Удалить"
          />
        </td>
      </tr>
      <tr
        className="ProductRow"
      >
        <td
          className="InfoGoods"
        >
          Петров
        </td>
        <td
          className="InfoGoods"
        >
          Петр
        </td>
        <td
          className="InfoGoods"
        >
          Петрович
        </td>
        <td
          className="InfoGoods"
        >
          180
        </td>
        <td
          className="active InfoGoods"
        >
          active
        </td>
        <td
          className="InfoGoods"
        >
          <input
            className="EditButton"
            disabled={undefined}
            onClick={[Function]}
            type="button"
            value="Редактировать"
          />
        </td>
        <td
          className="InfoGoods"
        >
          <input
            className="DelButton"
            disabled={undefined}
            onClick={[Function]}
            type="button"
            value="Удалить"
          />
        </td>
      </tr>
      <tr
        className="ProductRow"
      >
        <td
          className="InfoGoods"
        >
          Григорьев
        </td>
        <td
          className="InfoGoods"
        >
          Григорий
        </td>
        <td
          className="InfoGoods"
        >
          Григорьевич
        </td>
        <td
          className="InfoGoods"
        >
          -220
        </td>
        <td
          className="blocked InfoGoods"
        >
          blocked
        </td>
        <td
          className="InfoGoods"
        >
          <input
            className="EditButton"
            disabled={undefined}
            onClick={[Function]}
            type="button"
            value="Редактировать"
          />
        </td>
        <td
          className="InfoGoods"
        >
          <input
            className="DelButton"
            disabled={undefined}
            onClick={[Function]}
            type="button"
            value="Удалить"
          />
        </td>
      </tr>
    </tbody>
  </table>
  <input
    id="buttonAdd"
    onClick={[Function]}
    type="button"
    value="Добавить клиента"
  />
</div>
`;

exports[`работа кнопок Filter 2`] = `
<div>
  <input
    onClick={[Function]}
    type="button"
    value="Все"
  />
  <input
    onClick={[Function]}
    type="button"
    value="Активные"
  />
  <input
    onClick={[Function]}
    type="button"
    value="Заблокированные"
  />
  <hr />
  <table
    className="ProductsGrid"
  >
    <tbody>
      <tr>
        <th
          className="Header"
        >
          Фамилия
        </th>
        <th
          className="Header"
        >
          Имя
        </th>
        <th
          className="Header"
        >
          Отчество
        </th>
        <th
          className="Header"
        >
          Баланс
        </th>
        <th
          className="Header"
        >
          Статус
        </th>
        <th
          className="Header"
        >
          Редактировать
        </th>
        <th
          className="Header"
        >
          Удалить
        </th>
      </tr>
      <tr
        className="ProductRow"
      >
        <td
          className="InfoGoods"
        >
          Иванов
        </td>
        <td
          className="InfoGoods"
        >
          Иван
        </td>
        <td
          className="InfoGoods"
        >
          Иванович
        </td>
        <td
          className="InfoGoods"
        >
          200
        </td>
        <td
          className="active InfoGoods"
        >
          active
        </td>
        <td
          className="InfoGoods"
        >
          <input
            className="EditButton"
            disabled={undefined}
            onClick={[Function]}
            type="button"
            value="Редактировать"
          />
        </td>
        <td
          className="InfoGoods"
        >
          <input
            className="DelButton"
            disabled={undefined}
            onClick={[Function]}
            type="button"
            value="Удалить"
          />
        </td>
      </tr>
      <tr
        className="ProductRow"
      >
        <td
          className="InfoGoods"
        >
          Сидоров
        </td>
        <td
          className="InfoGoods"
        >
          Сидор
        </td>
        <td
          className="InfoGoods"
        >
          Сидорович
        </td>
        <td
          className="InfoGoods"
        >
          250
        </td>
        <td
          className="active InfoGoods"
        >
          active
        </td>
        <td
          className="InfoGoods"
        >
          <input
            className="EditButton"
            disabled={undefined}
            onClick={[Function]}
            type="button"
            value="Редактировать"
          />
        </td>
        <td
          className="InfoGoods"
        >
          <input
            className="DelButton"
            disabled={undefined}
            onClick={[Function]}
            type="button"
            value="Удалить"
          />
        </td>
      </tr>
      <tr
        className="ProductRow"
      >
        <td
          className="InfoGoods"
        >
          Петров
        </td>
        <td
          className="InfoGoods"
        >
          Петр
        </td>
        <td
          className="InfoGoods"
        >
          Петрович
        </td>
        <td
          className="InfoGoods"
        >
          180
        </td>
        <td
          className="active InfoGoods"
        >
          active
        </td>
        <td
          className="InfoGoods"
        >
          <input
            className="EditButton"
            disabled={undefined}
            onClick={[Function]}
            type="button"
            value="Редактировать"
          />
        </td>
        <td
          className="InfoGoods"
        >
          <input
            className="DelButton"
            disabled={undefined}
            onClick={[Function]}
            type="button"
            value="Удалить"
          />
        </td>
      </tr>
      <tr
        className="ProductRow"
      >
        <td
          className="InfoGoods"
        >
          Григорьев
        </td>
        <td
          className="InfoGoods"
        >
          Григорий
        </td>
        <td
          className="InfoGoods"
        >
          Григорьевич
        </td>
        <td
          className="InfoGoods"
        >
          -220
        </td>
        <td
          className="blocked InfoGoods"
        >
          blocked
        </td>
        <td
          className="InfoGoods"
        >
          <input
            className="EditButton"
            disabled={undefined}
            onClick={[Function]}
            type="button"
            value="Редактировать"
          />
        </td>
        <td
          className="InfoGoods"
        >
          <input
            className="DelButton"
            disabled={undefined}
            onClick={[Function]}
            type="button"
            value="Удалить"
          />
        </td>
      </tr>
    </tbody>
  </table>
  <input
    id="buttonAdd"
    onClick={[Function]}
    type="button"
    value="Добавить клиента"
  />
</div>
`;

exports[`работа кнопок Filter 3`] = `
<div>
  <input
    onClick={[Function]}
    type="button"
    value="Все"
  />
  <input
    onClick={[Function]}
    type="button"
    value="Активные"
  />
  <input
    onClick={[Function]}
    type="button"
    value="Заблокированные"
  />
  <hr />
  <table
    className="ProductsGrid"
  >
    <tbody>
      <tr>
        <th
          className="Header"
        >
          Фамилия
        </th>
        <th
          className="Header"
        >
          Имя
        </th>
        <th
          className="Header"
        >
          Отчество
        </th>
        <th
          className="Header"
        >
          Баланс
        </th>
        <th
          className="Header"
        >
          Статус
        </th>
        <th
          className="Header"
        >
          Редактировать
        </th>
        <th
          className="Header"
        >
          Удалить
        </th>
      </tr>
      <tr
        className="ProductRow"
      >
        <td
          className="InfoGoods"
        >
          Иванов
        </td>
        <td
          className="InfoGoods"
        >
          Иван
        </td>
        <td
          className="InfoGoods"
        >
          Иванович
        </td>
        <td
          className="InfoGoods"
        >
          200
        </td>
        <td
          className="active InfoGoods"
        >
          active
        </td>
        <td
          className="InfoGoods"
        >
          <input
            className="EditButton"
            disabled={undefined}
            onClick={[Function]}
            type="button"
            value="Редактировать"
          />
        </td>
        <td
          className="InfoGoods"
        >
          <input
            className="DelButton"
            disabled={undefined}
            onClick={[Function]}
            type="button"
            value="Удалить"
          />
        </td>
      </tr>
      <tr
        className="ProductRow"
      >
        <td
          className="InfoGoods"
        >
          Сидоров
        </td>
        <td
          className="InfoGoods"
        >
          Сидор
        </td>
        <td
          className="InfoGoods"
        >
          Сидорович
        </td>
        <td
          className="InfoGoods"
        >
          250
        </td>
        <td
          className="active InfoGoods"
        >
          active
        </td>
        <td
          className="InfoGoods"
        >
          <input
            className="EditButton"
            disabled={undefined}
            onClick={[Function]}
            type="button"
            value="Редактировать"
          />
        </td>
        <td
          className="InfoGoods"
        >
          <input
            className="DelButton"
            disabled={undefined}
            onClick={[Function]}
            type="button"
            value="Удалить"
          />
        </td>
      </tr>
      <tr
        className="ProductRow"
      >
        <td
          className="InfoGoods"
        >
          Петров
        </td>
        <td
          className="InfoGoods"
        >
          Петр
        </td>
        <td
          className="InfoGoods"
        >
          Петрович
        </td>
        <td
          className="InfoGoods"
        >
          180
        </td>
        <td
          className="active InfoGoods"
        >
          active
        </td>
        <td
          className="InfoGoods"
        >
          <input
            className="EditButton"
            disabled={undefined}
            onClick={[Function]}
            type="button"
            value="Редактировать"
          />
        </td>
        <td
          className="InfoGoods"
        >
          <input
            className="DelButton"
            disabled={undefined}
            onClick={[Function]}
            type="button"
            value="Удалить"
          />
        </td>
      </tr>
      <tr
        className="ProductRow"
      >
        <td
          className="InfoGoods"
        >
          Григорьев
        </td>
        <td
          className="InfoGoods"
        >
          Григорий
        </td>
        <td
          className="InfoGoods"
        >
          Григорьевич
        </td>
        <td
          className="InfoGoods"
        >
          -220
        </td>
        <td
          className="blocked InfoGoods"
        >
          blocked
        </td>
        <td
          className="InfoGoods"
        >
          <input
            className="EditButton"
            disabled={undefined}
            onClick={[Function]}
            type="button"
            value="Редактировать"
          />
        </td>
        <td
          className="InfoGoods"
        >
          <input
            className="DelButton"
            disabled={undefined}
            onClick={[Function]}
            type="button"
            value="Удалить"
          />
        </td>
      </tr>
    </tbody>
  </table>
  <input
    id="buttonAdd"
    onClick={[Function]}
    type="button"
    value="Добавить клиента"
  />
</div>
`;

exports[`работа кнопок Filter 4`] = `
<div>
  <input
    onClick={[Function]}
    type="button"
    value="Все"
  />
  <input
    onClick={[Function]}
    type="button"
    value="Активные"
  />
  <input
    onClick={[Function]}
    type="button"
    value="Заблокированные"
  />
  <hr />
  <table
    className="ProductsGrid"
  >
    <tbody>
      <tr>
        <th
          className="Header"
        >
          Фамилия
        </th>
        <th
          className="Header"
        >
          Имя
        </th>
        <th
          className="Header"
        >
          Отчество
        </th>
        <th
          className="Header"
        >
          Баланс
        </th>
        <th
          className="Header"
        >
          Статус
        </th>
        <th
          className="Header"
        >
          Редактировать
        </th>
        <th
          className="Header"
        >
          Удалить
        </th>
      </tr>
      <tr
        className="ProductRow"
      >
        <td
          className="InfoGoods"
        >
          Иванов
        </td>
        <td
          className="InfoGoods"
        >
          Иван
        </td>
        <td
          className="InfoGoods"
        >
          Иванович
        </td>
        <td
          className="InfoGoods"
        >
          200
        </td>
        <td
          className="active InfoGoods"
        >
          active
        </td>
        <td
          className="InfoGoods"
        >
          <input
            className="EditButton"
            disabled={undefined}
            onClick={[Function]}
            type="button"
            value="Редактировать"
          />
        </td>
        <td
          className="InfoGoods"
        >
          <input
            className="DelButton"
            disabled={undefined}
            onClick={[Function]}
            type="button"
            value="Удалить"
          />
        </td>
      </tr>
      <tr
        className="ProductRow"
      >
        <td
          className="InfoGoods"
        >
          Сидоров
        </td>
        <td
          className="InfoGoods"
        >
          Сидор
        </td>
        <td
          className="InfoGoods"
        >
          Сидорович
        </td>
        <td
          className="InfoGoods"
        >
          250
        </td>
        <td
          className="active InfoGoods"
        >
          active
        </td>
        <td
          className="InfoGoods"
        >
          <input
            className="EditButton"
            disabled={undefined}
            onClick={[Function]}
            type="button"
            value="Редактировать"
          />
        </td>
        <td
          className="InfoGoods"
        >
          <input
            className="DelButton"
            disabled={undefined}
            onClick={[Function]}
            type="button"
            value="Удалить"
          />
        </td>
      </tr>
      <tr
        className="ProductRow"
      >
        <td
          className="InfoGoods"
        >
          Петров
        </td>
        <td
          className="InfoGoods"
        >
          Петр
        </td>
        <td
          className="InfoGoods"
        >
          Петрович
        </td>
        <td
          className="InfoGoods"
        >
          180
        </td>
        <td
          className="active InfoGoods"
        >
          active
        </td>
        <td
          className="InfoGoods"
        >
          <input
            className="EditButton"
            disabled={undefined}
            onClick={[Function]}
            type="button"
            value="Редактировать"
          />
        </td>
        <td
          className="InfoGoods"
        >
          <input
            className="DelButton"
            disabled={undefined}
            onClick={[Function]}
            type="button"
            value="Удалить"
          />
        </td>
      </tr>
    </tbody>
  </table>
  <input
    id="buttonAdd"
    onClick={[Function]}
    type="button"
    value="Добавить клиента"
  />
</div>
`;

exports[`работа кнопок Filter 5`] = `
<div>
  <input
    onClick={[Function]}
    type="button"
    value="Все"
  />
  <input
    onClick={[Function]}
    type="button"
    value="Активные"
  />
  <input
    onClick={[Function]}
    type="button"
    value="Заблокированные"
  />
  <hr />
  <table
    className="ProductsGrid"
  >
    <tbody>
      <tr>
        <th
          className="Header"
        >
          Фамилия
        </th>
        <th
          className="Header"
        >
          Имя
        </th>
        <th
          className="Header"
        >
          Отчество
        </th>
        <th
          className="Header"
        >
          Баланс
        </th>
        <th
          className="Header"
        >
          Статус
        </th>
        <th
          className="Header"
        >
          Редактировать
        </th>
        <th
          className="Header"
        >
          Удалить
        </th>
      </tr>
      <tr
        className="ProductRow"
      >
        <td
          className="InfoGoods"
        >
          Иванов
        </td>
        <td
          className="InfoGoods"
        >
          Иван
        </td>
        <td
          className="InfoGoods"
        >
          Иванович
        </td>
        <td
          className="InfoGoods"
        >
          200
        </td>
        <td
          className="active InfoGoods"
        >
          active
        </td>
        <td
          className="InfoGoods"
        >
          <input
            className="EditButton"
            disabled={undefined}
            onClick={[Function]}
            type="button"
            value="Редактировать"
          />
        </td>
        <td
          className="InfoGoods"
        >
          <input
            className="DelButton"
            disabled={undefined}
            onClick={[Function]}
            type="button"
            value="Удалить"
          />
        </td>
      </tr>
      <tr
        className="ProductRow"
      >
        <td
          className="InfoGoods"
        >
          Сидоров
        </td>
        <td
          className="InfoGoods"
        >
          Сидор
        </td>
        <td
          className="InfoGoods"
        >
          Сидорович
        </td>
        <td
          className="InfoGoods"
        >
          250
        </td>
        <td
          className="active InfoGoods"
        >
          active
        </td>
        <td
          className="InfoGoods"
        >
          <input
            className="EditButton"
            disabled={undefined}
            onClick={[Function]}
            type="button"
            value="Редактировать"
          />
        </td>
        <td
          className="InfoGoods"
        >
          <input
            className="DelButton"
            disabled={undefined}
            onClick={[Function]}
            type="button"
            value="Удалить"
          />
        </td>
      </tr>
      <tr
        className="ProductRow"
      >
        <td
          className="InfoGoods"
        >
          Петров
        </td>
        <td
          className="InfoGoods"
        >
          Петр
        </td>
        <td
          className="InfoGoods"
        >
          Петрович
        </td>
        <td
          className="InfoGoods"
        >
          180
        </td>
        <td
          className="active InfoGoods"
        >
          active
        </td>
        <td
          className="InfoGoods"
        >
          <input
            className="EditButton"
            disabled={undefined}
            onClick={[Function]}
            type="button"
            value="Редактировать"
          />
        </td>
        <td
          className="InfoGoods"
        >
          <input
            className="DelButton"
            disabled={undefined}
            onClick={[Function]}
            type="button"
            value="Удалить"
          />
        </td>
      </tr>
    </tbody>
  </table>
  <input
    id="buttonAdd"
    onClick={[Function]}
    type="button"
    value="Добавить клиента"
  />
</div>
`;

exports[`работа кнопок Filter 6`] = `
<div>
  <input
    onClick={[Function]}
    type="button"
    value="Все"
  />
  <input
    onClick={[Function]}
    type="button"
    value="Активные"
  />
  <input
    onClick={[Function]}
    type="button"
    value="Заблокированные"
  />
  <hr />
  <table
    className="ProductsGrid"
  >
    <tbody>
      <tr>
        <th
          className="Header"
        >
          Фамилия
        </th>
        <th
          className="Header"
        >
          Имя
        </th>
        <th
          className="Header"
        >
          Отчество
        </th>
        <th
          className="Header"
        >
          Баланс
        </th>
        <th
          className="Header"
        >
          Статус
        </th>
        <th
          className="Header"
        >
          Редактировать
        </th>
        <th
          className="Header"
        >
          Удалить
        </th>
      </tr>
      <tr
        className="ProductRow"
      >
        <td
          className="InfoGoods"
        >
          Григорьев
        </td>
        <td
          className="InfoGoods"
        >
          Григорий
        </td>
        <td
          className="InfoGoods"
        >
          Григорьевич
        </td>
        <td
          className="InfoGoods"
        >
          -220
        </td>
        <td
          className="blocked InfoGoods"
        >
          blocked
        </td>
        <td
          className="InfoGoods"
        >
          <input
            className="EditButton"
            disabled={undefined}
            onClick={[Function]}
            type="button"
            value="Редактировать"
          />
        </td>
        <td
          className="InfoGoods"
        >
          <input
            className="DelButton"
            disabled={undefined}
            onClick={[Function]}
            type="button"
            value="Удалить"
          />
        </td>
      </tr>
    </tbody>
  </table>
  <input
    id="buttonAdd"
    onClick={[Function]}
    type="button"
    value="Добавить клиента"
  />
</div>
`;

exports[`работа кнопок Filter 7`] = `
<div>
  <input
    onClick={[Function]}
    type="button"
    value="Все"
  />
  <input
    onClick={[Function]}
    type="button"
    value="Активные"
  />
  <input
    onClick={[Function]}
    type="button"
    value="Заблокированные"
  />
  <hr />
  <table
    className="ProductsGrid"
  >
    <tbody>
      <tr>
        <th
          className="Header"
        >
          Фамилия
        </th>
        <th
          className="Header"
        >
          Имя
        </th>
        <th
          className="Header"
        >
          Отчество
        </th>
        <th
          className="Header"
        >
          Баланс
        </th>
        <th
          className="Header"
        >
          Статус
        </th>
        <th
          className="Header"
        >
          Редактировать
        </th>
        <th
          className="Header"
        >
          Удалить
        </th>
      </tr>
      <tr
        className="ProductRow"
      >
        <td
          className="InfoGoods"
        >
          Григорьев
        </td>
        <td
          className="InfoGoods"
        >
          Григорий
        </td>
        <td
          className="InfoGoods"
        >
          Григорьевич
        </td>
        <td
          className="InfoGoods"
        >
          -220
        </td>
        <td
          className="blocked InfoGoods"
        >
          blocked
        </td>
        <td
          className="InfoGoods"
        >
          <input
            className="EditButton"
            disabled={undefined}
            onClick={[Function]}
            type="button"
            value="Редактировать"
          />
        </td>
        <td
          className="InfoGoods"
        >
          <input
            className="DelButton"
            disabled={undefined}
            onClick={[Function]}
            type="button"
            value="Удалить"
          />
        </td>
      </tr>
    </tbody>
  </table>
  <input
    id="buttonAdd"
    onClick={[Function]}
    type="button"
    value="Добавить клиента"
  />
</div>
`;
